\BOOKMARK [1][-]{section.1}{\376\377\000N\000O\000T\000E\000S}{}% 1
\BOOKMARK [1][-]{section.2}{\376\377\000I\000n\000t\000r\000o\000d\000u\000c\000t\000i\000o\000n}{}% 2
\BOOKMARK [1][-]{section.3}{\376\377\000R\000e\000l\000a\000t\000e\000d\000\040\000W\000o\000r\000k}{}% 3
\BOOKMARK [2][-]{subsection.3.1}{\376\377\000L\000a\000b\000e\000l\000\040\000N\000o\000i\000s\000e\000\040\000R\000e\000b\000a\000l\000a\000n\000c\000i\000n\000g\000\040\000\050\000L\000N\000R\000\051}{section.3}% 4
\BOOKMARK [2][-]{subsection.3.2}{\376\377\000T\000i\000m\000e\000\040\000S\000i\000g\000n\000a\000t\000u\000r\000e\000\040\000D\000e\000t\000e\000c\000t\000i\000o\000n}{section.3}% 5
\BOOKMARK [1][-]{section.4}{\376\377\000M\000e\000t\000h\000o\000d\000s}{}% 6
\BOOKMARK [2][-]{subsection.4.1}{\376\377\000R\000e\000s\000N\000e\000t\0001\0008\000\040\000f\000o\000r\000\040\000T\000i\000m\000e\000\040\000S\000i\000g\000n\000a\000t\000u\000r\000e\000\040\000D\000e\000t\000e\000c\000t\000i\000o\000n}{section.4}% 7
\BOOKMARK [3][-]{subsubsection.4.1.1}{\376\377\000F\000e\000a\000t\000u\000r\000e\000\040\000E\000x\000t\000r\000a\000c\000t\000i\000o\000n}{subsection.4.1}% 8
\BOOKMARK [3][-]{subsubsection.4.1.2}{\376\377\000M\000o\000d\000e\000l\000\040\000A\000r\000c\000h\000i\000t\000e\000c\000t\000u\000r\000e}{subsection.4.1}% 9
\BOOKMARK [3][-]{subsubsection.4.1.3}{\376\377\000T\000r\000a\000i\000n\000i\000n\000g\000\040\000C\000o\000n\000f\000i\000g\000u\000r\000a\000t\000i\000o\000n}{subsection.4.1}% 10
\BOOKMARK [2][-]{subsection.4.2}{\376\377\000L\000N\000R\000\040\000A\000l\000g\000o\000r\000i\000t\000h\000m}{section.4}% 11
\BOOKMARK [1][-]{section.5}{\376\377\000D\000a\000t\000a}{}% 12
\BOOKMARK [2][-]{subsection.5.1}{\376\377\000K\000E\000E\000L}{section.5}% 13
\BOOKMARK [2][-]{subsection.5.2}{\376\377\000C\000I\000F\000A\000R\000-\0001\0000}{section.5}% 14
\BOOKMARK [2][-]{subsection.5.3}{\376\377\000M\000e\000t\000e\000r\0002\0008\0000\0000}{section.5}% 15
\BOOKMARK [1][-]{section.6}{\376\377\000E\000x\000p\000e\000r\000i\000m\000e\000n\000t\000s\000\040\000a\000n\000d\000\040\000F\000i\000n\000d\000i\000n\000g\000s}{}% 16
\BOOKMARK [1][-]{section.7}{\376\377\000C\000h\000a\000l\000l\000e\000n\000g\000e\000s}{}% 17
\BOOKMARK [1][-]{section.8}{\376\377\000C\000o\000n\000c\000l\000u\000s\000i\000o\000n}{}% 18
\BOOKMARK [1][-]{section.9}{\376\377\000E\000t\000h\000i\000c\000a\000l\000\040\000C\000o\000n\000s\000i\000d\000e\000r\000a\000t\000i\000o\000n}{}% 19
\BOOKMARK [1][-]{section.10}{\376\377\000L\000i\000m\000i\000t\000a\000t\000i\000o\000n\000s}{}% 20
\BOOKMARK [1][-]{section.11}{\376\377\000S\000e\000l\000f\000\040\000A\000s\000s\000e\000s\000s\000m\000e\000n\000t}{}% 21
\BOOKMARK [1][-]{section.12}{\376\377\000S\000u\000b\000m\000i\000s\000s\000i\000o\000n\000\040\000o\000f\000\040\000r\000e\000p\000o\000r\000t\000\040\000t\000o\000\040\000D\000D\0002\0004\0002\0004}{}% 22
\BOOKMARK [2][-]{subsection.12.1}{\376\377\000S\000t\000y\000l\000e}{section.12}% 23
\BOOKMARK [2][-]{subsection.12.2}{\376\377\000R\000e\000t\000r\000i\000e\000v\000a\000l\000\040\000o\000f\000\040\000s\000t\000y\000l\000e\000\040\000f\000i\000l\000e\000s}{section.12}% 24
\BOOKMARK [1][-]{section.13}{\376\377\000G\000e\000n\000e\000r\000a\000l\000\040\000f\000o\000r\000m\000a\000t\000t\000i\000n\000g\000\040\000i\000n\000s\000t\000r\000u\000c\000t\000i\000o\000n\000s}{}% 25
\BOOKMARK [1][-]{section.14}{\376\377\000H\000e\000a\000d\000i\000n\000g\000s\000:\000\040\000f\000i\000r\000s\000t\000\040\000l\000e\000v\000e\000l}{}% 26
\BOOKMARK [2][-]{subsection.14.1}{\376\377\000H\000e\000a\000d\000i\000n\000g\000s\000:\000\040\000s\000e\000c\000o\000n\000d\000\040\000l\000e\000v\000e\000l}{section.14}% 27
\BOOKMARK [3][-]{subsubsection.14.1.1}{\376\377\000H\000e\000a\000d\000i\000n\000g\000s\000:\000\040\000t\000h\000i\000r\000d\000\040\000l\000e\000v\000e\000l}{subsection.14.1}% 28
\BOOKMARK [1][-]{section.15}{\376\377\000C\000i\000t\000a\000t\000i\000o\000n\000s\000,\000\040\000f\000i\000g\000u\000r\000e\000s\000,\000\040\000t\000a\000b\000l\000e\000s\000,\000\040\000r\000e\000f\000e\000r\000e\000n\000c\000e\000s}{}% 29
\BOOKMARK [2][-]{subsection.15.1}{\376\377\000C\000i\000t\000a\000t\000i\000o\000n\000s\000\040\000w\000i\000t\000h\000i\000n\000\040\000t\000h\000e\000\040\000t\000e\000x\000t}{section.15}% 30
\BOOKMARK [2][-]{subsection.15.2}{\376\377\000F\000o\000o\000t\000n\000o\000t\000e\000s}{section.15}% 31
\BOOKMARK [2][-]{subsection.15.3}{\376\377\000F\000i\000g\000u\000r\000e\000s}{section.15}% 32
\BOOKMARK [2][-]{subsection.15.4}{\376\377\000T\000a\000b\000l\000e\000s}{section.15}% 33
\BOOKMARK [1][-]{section.16}{\376\377\000F\000i\000n\000a\000l\000\040\000i\000n\000s\000t\000r\000u\000c\000t\000i\000o\000n\000s}{}% 34
\BOOKMARK [1][-]{section.17}{\376\377\000P\000r\000e\000p\000a\000r\000i\000n\000g\000\040\000P\000D\000F\000\040\000f\000i\000l\000e\000s}{}% 35
\BOOKMARK [2][-]{subsection.17.1}{\376\377\000M\000a\000r\000g\000i\000n\000s\000\040\000i\000n\000\040\000L\000a\000T\000e\000X}{section.17}% 36
